<script setup lang="ts"></script>
<template>
  <div bg="red" w="[100%]" leading20px>
    <div
      flex
      flex-1
      h-100px
      bg-red
      class="container scale-[0.8_0.9]"
     
    >
      <div flex-1 h-100px bg-red />
      <div />
    </div>
  </div>
</template>
<style scoped></style>
